==================================
   COMPLETE SYSTEM TEST SUITE    
==================================

[TEST 1] Gateway Health Check
âŒ FAILED: Gateway health check failed

[TEST 2] User Registration via Gateway
âŒ FAILED: Unable to connect to the 
remote server
